[2026-04-08T10:20:00.019Z] 🚀 Starting processCreateContract for File ID: SetContractAndServices_08042026_111925 with 10 records.
[2026-04-08T10:20:00.020Z] --- Processing Line 1 of 10 ---
[2026-04-08T10:20:00.024Z] ❌ Line 1 FAILED: connect ECONNREFUSED 127.0.0.1:170
[2026-04-08T10:20:00.542Z] --- Processing Line 2 of 10 ---
[2026-04-08T10:20:00.546Z] ❌ Line 2 FAILED: connect ECONNREFUSED 127.0.0.1:170
[2026-04-08T10:20:01.064Z] --- Processing Line 3 of 10 ---
[2026-04-08T10:20:01.067Z] ❌ Line 3 FAILED: connect ECONNREFUSED 127.0.0.1:170
[2026-04-08T10:20:01.584Z] --- Processing Line 4 of 10 ---
[2026-04-08T10:20:01.589Z] ❌ Line 4 FAILED: connect ECONNREFUSED 127.0.0.1:170
[2026-04-08T10:20:02.106Z] --- Processing Line 5 of 10 ---
[2026-04-08T10:20:02.109Z] ❌ Line 5 FAILED: connect ECONNREFUSED 127.0.0.1:170
[2026-04-08T10:20:02.624Z] ⏸️  Batch SetContractAndServices_08042026_111925 PAUSED at line 6
[2026-04-08T10:20:35.550Z] ▶️  Batch SetContractAndServices_08042026_111925 RESUMED at line 6
[2026-04-08T10:20:35.553Z] --- Processing Line 6 of 10 ---
[2026-04-08T10:20:35.934Z] ❌ Line 6 FAILED: Request failed with status code 500
[2026-04-08T10:20:35.935Z]    DEBUG: WS Response Content: <SOAP-ENV:Envelope xmlns:SOAP-ENV="http://schemas.xmlsoap.org/soap/envelope/"><SOAP-ENV:Header/><SOAP-ENV:Body><SOAP-ENV:Fault><faultcode>InvalidParameterException</faultcode><faultstring>Offer 678 is not allowed for template </faultstring><faultactor/><detail><ns:Error xmlns:ns="http://www.ooredoo.dz/common/wsexception/v1" xmlns:ns0="http://schemas.xmlsoap.org/soap/envelope/" xmlns:xs="http://www.w3.org/2001/XMLSchema" xmlns:xsi="http://www.w3.org/2001/XMLSchema-instance"><ns:Detail><ns:TransactionId>aa43a996-4c10-4395-8675-90c35da38113</ns:TransactionId><ns:ExceptionDetails><ns:Exception><ns:key>DetailException</ns:key><ns:value>Offer 678 is not allowed for template </ns:value></ns:Exception></ns:ExceptionDetails></ns:Detail></ns:Error></detail></SOAP-ENV:Fault></SOAP-ENV:Body></SOAP-ENV:Envelope>
[2026-04-08T10:20:36.452Z] --- Processing Line 7 of 10 ---
[2026-04-08T10:20:36.698Z] ❌ Line 7 FAILED: Request failed with status code 500
[2026-04-08T10:20:36.700Z]    DEBUG: WS Response Content: <SOAP-ENV:Envelope xmlns:SOAP-ENV="http://schemas.xmlsoap.org/soap/envelope/"><SOAP-ENV:Header/><SOAP-ENV:Body><SOAP-ENV:Fault><faultcode>InvalidParameterException</faultcode><faultstring>Offer 678 is not allowed for template </faultstring><faultactor/><detail><ns:Error xmlns:ns="http://www.ooredoo.dz/common/wsexception/v1" xmlns:ns0="http://schemas.xmlsoap.org/soap/envelope/" xmlns:xs="http://www.w3.org/2001/XMLSchema" xmlns:xsi="http://www.w3.org/2001/XMLSchema-instance"><ns:Detail><ns:TransactionId>3d384850-49db-4e2f-8969-7223642a32cc</ns:TransactionId><ns:ExceptionDetails><ns:Exception><ns:key>DetailException</ns:key><ns:value>Offer 678 is not allowed for template </ns:value></ns:Exception></ns:ExceptionDetails></ns:Detail></ns:Error></detail></SOAP-ENV:Fault></SOAP-ENV:Body></SOAP-ENV:Envelope>
[2026-04-08T10:20:37.210Z] --- Processing Line 8 of 10 ---
[2026-04-08T10:20:37.542Z] ❌ Line 8 FAILED: Request failed with status code 500
[2026-04-08T10:20:37.544Z]    DEBUG: WS Response Content: <SOAP-ENV:Envelope xmlns:SOAP-ENV="http://schemas.xmlsoap.org/soap/envelope/"><SOAP-ENV:Header/><SOAP-ENV:Body><SOAP-ENV:Fault><faultcode>InvalidParameterException</faultcode><faultstring>Offer 678 is not allowed for template </faultstring><faultactor/><detail><ns:Error xmlns:ns="http://www.ooredoo.dz/common/wsexception/v1" xmlns:ns0="http://schemas.xmlsoap.org/soap/envelope/" xmlns:xs="http://www.w3.org/2001/XMLSchema" xmlns:xsi="http://www.w3.org/2001/XMLSchema-instance"><ns:Detail><ns:TransactionId>424a6af0-ba93-4d97-976e-4f8554f8f5fb</ns:TransactionId><ns:ExceptionDetails><ns:Exception><ns:key>DetailException</ns:key><ns:value>Offer 678 is not allowed for template </ns:value></ns:Exception></ns:ExceptionDetails></ns:Detail></ns:Error></detail></SOAP-ENV:Fault></SOAP-ENV:Body></SOAP-ENV:Envelope>
[2026-04-08T10:20:38.064Z] --- Processing Line 9 of 10 ---
[2026-04-08T10:20:38.433Z] ❌ Line 9 FAILED: Request failed with status code 500
[2026-04-08T10:20:38.435Z]    DEBUG: WS Response Content: <SOAP-ENV:Envelope xmlns:SOAP-ENV="http://schemas.xmlsoap.org/soap/envelope/"><SOAP-ENV:Header/><SOAP-ENV:Body><SOAP-ENV:Fault><faultcode>InvalidParameterException</faultcode><faultstring>Offer 678 is not allowed for template </faultstring><faultactor/><detail><ns:Error xmlns:ns="http://www.ooredoo.dz/common/wsexception/v1" xmlns:ns0="http://schemas.xmlsoap.org/soap/envelope/" xmlns:xs="http://www.w3.org/2001/XMLSchema" xmlns:xsi="http://www.w3.org/2001/XMLSchema-instance"><ns:Detail><ns:TransactionId>2806f0b5-195d-4651-a79e-a4ef7219aaaa</ns:TransactionId><ns:ExceptionDetails><ns:Exception><ns:key>DetailException</ns:key><ns:value>Offer 678 is not allowed for template </ns:value></ns:Exception></ns:ExceptionDetails></ns:Detail></ns:Error></detail></SOAP-ENV:Fault></SOAP-ENV:Body></SOAP-ENV:Envelope>
[2026-04-08T10:20:38.949Z] --- Processing Line 10 of 10 ---
[2026-04-08T10:20:39.325Z] ❌ Line 10 FAILED: Request failed with status code 500
[2026-04-08T10:20:39.326Z]    DEBUG: WS Response Content: <SOAP-ENV:Envelope xmlns:SOAP-ENV="http://schemas.xmlsoap.org/soap/envelope/"><SOAP-ENV:Header/><SOAP-ENV:Body><SOAP-ENV:Fault><faultcode>InvalidParameterException</faultcode><faultstring>Offer 678 is not allowed for template </faultstring><faultactor/><detail><ns:Error xmlns:ns="http://www.ooredoo.dz/common/wsexception/v1" xmlns:ns0="http://schemas.xmlsoap.org/soap/envelope/" xmlns:xs="http://www.w3.org/2001/XMLSchema" xmlns:xsi="http://www.w3.org/2001/XMLSchema-instance"><ns:Detail><ns:TransactionId>9891d3d5-106b-48cb-bf88-a711d9200c60</ns:TransactionId><ns:ExceptionDetails><ns:Exception><ns:key>DetailException</ns:key><ns:value>Offer 678 is not allowed for template </ns:value></ns:Exception></ns:ExceptionDetails></ns:Detail></ns:Error></detail></SOAP-ENV:Fault></SOAP-ENV:Body></SOAP-ENV:Envelope>
[2026-04-08T10:20:39.330Z] 📊 Finished SetContractAndServices_08042026_111925: 0 ok, 10 fail in 39.31s
